2026-02-17 22:20:27.334: [INFO] OnDoneLoading sync enabled: 0
2026-02-17 22:45:15.846: [INFO] OnDoneLoading sync enabled: 0
2026-02-23 18:48:02.979: [INFO] OnDoneLoading sync enabled: 0
2026-02-25 19:54:24.847: [INFO] OnDoneLoading sync enabled: 0
2026-02-26 17:55:02.977: [INFO] OnDoneLoading sync enabled: 0
2026-02-26 18:20:13.663: [INFO] OnDoneLoading sync enabled: 0
2026-02-26 18:26:03.305: [INFO] OnDoneLoading sync enabled: 0
2026-02-26 18:26:48.991: [INFO] OnDoneLoading sync enabled: 0
2026-02-26 18:27:56.996: [INFO] OnDoneLoading sync enabled: 0
2026-02-26 18:31:37.021: [INFO] OnDoneLoading sync enabled: 0
2026-03-10 18:22:00.530: [INFO] OnDoneLoading sync enabled: 0
2026-03-10 18:23:14.108: [INFO] OnDoneLoading sync enabled: 0
2026-03-10 18:24:11.211: [INFO] OnDoneLoading sync enabled: 0
2026-03-10 18:30:57.058: [INFO] OnDoneLoading sync enabled: 0
2026-03-10 18:36:44.245: [INFO] OnDoneLoading sync enabled: 0
2026-03-10 19:21:07.328: [INFO] OnDoneLoading sync enabled: 0
2026-03-10 23:20:33.361: [INFO] OnDoneLoading sync enabled: 0
2026-03-10 23:22:30.012: [INFO] OnDoneLoading sync enabled: 0
2026-03-10 23:27:25.644: [INFO] OnDoneLoading sync enabled: 0
2026-03-10 23:32:37.906: [INFO] OnDoneLoading sync enabled: 0
2026-03-23 18:18:30.001: [INFO] OnDoneLoading sync enabled: 0
2026-03-23 18:18:43.382: [INFO] OnDoneLoading sync enabled: 0
2026-04-03 16:45:09.812: [INFO] OnDoneLoading sync enabled: 0
2026-04-03 18:21:02.547: [INFO] OnDoneLoading sync enabled: 0
2026-04-03 18:24:17.353: [INFO] OnDoneLoading sync enabled: 0
2026-04-03 18:24:29.537: [INFO] OnDoneLoading sync enabled: 0
2026-04-04 01:07:20.215: [INFO] OnDoneLoading sync enabled: 0
2026-04-14 21:14:14.861: [INFO] OnDoneLoading sync enabled: 0
2026-04-14 21:14:45.841: [INFO] OnDoneLoading sync enabled: 0
2026-04-14 21:24:46.035: [INFO] OnDoneLoading sync enabled: 0
2026-04-14 22:44:31.539: [INFO] OnDoneLoading sync enabled: 0
2026-04-15 15:21:49.448: [INFO] OnDoneLoading sync enabled: 0
2026-04-15 15:22:56.955: [INFO] OnDoneLoading sync enabled: 0
2026-04-15 15:23:22.149: [INFO] OnDoneLoading sync enabled: 0
2026-04-15 15:25:39.541: [INFO] OnDoneLoading sync enabled: 0
2026-04-15 15:27:03.598: [INFO] OnDoneLoading sync enabled: 0
2026-04-15 15:29:04.565: [INFO] OnDoneLoading sync enabled: 0
2026-04-15 15:31:10.871: [INFO] OnDoneLoading sync enabled: 0
2026-04-15 15:43:31.124: [INFO] OnDoneLoading sync enabled: 0
2026-04-15 15:48:30.377: [INFO] OnDoneLoading sync enabled: 0
2026-04-15 15:50:57.694: [INFO] OnDoneLoading sync enabled: 0
2026-04-15 16:01:13.832: [INFO] OnDoneLoading sync enabled: 0
2026-04-15 16:01:25.641: [INFO] OnDoneLoading sync enabled: 0
2026-04-15 16:02:24.825: [INFO] OnDoneLoading sync enabled: 0
2026-04-15 16:03:21.688: [INFO] OnDoneLoading sync enabled: 0
2026-04-15 21:22:36.463: [INFO] OnDoneLoading sync enabled: 0
2026-04-15 21:24:21.743: [INFO] OnDoneLoading sync enabled: 0
2026-04-15 21:24:46.864: [INFO] OnDoneLoading sync enabled: 0
2026-04-16 20:11:34.756: [INFO] OnDoneLoading sync enabled: 0
2026-04-16 20:17:17.325: [INFO] OnDoneLoading sync enabled: 0
2026-04-16 20:19:21.168: [INFO] OnDoneLoading sync enabled: 0
2026-04-16 20:20:11.817: [INFO] OnDoneLoading sync enabled: 0
2026-04-16 20:20:51.488: [INFO] OnDoneLoading sync enabled: 0
2026-04-17 18:50:57.530: [INFO] OnDoneLoading sync enabled: 0
2026-04-20 15:36:55.121: [INFO] OnDoneLoading sync enabled: 0
2026-04-20 18:39:14.633: [INFO] OnDoneLoading sync enabled: 0
2026-04-20 18:51:12.207: [INFO] OnDoneLoading sync enabled: 0
2026-04-20 20:15:21.872: [INFO] OnDoneLoading sync enabled: 0
2026-05-31 16:42:12.895: [INFO] OnDoneLoading sync enabled: 0
2026-05-31 16:57:50.717: [INFO] OnDoneLoading sync enabled: 0
2026-05-31 17:28:39.980: [INFO] OnDoneLoading sync enabled: 0
2026-05-31 17:31:17.484: [INFO] OnDoneLoading sync enabled: 0
2026-05-31 17:43:58.081: [INFO] OnDoneLoading sync enabled: 0
2026-05-31 17:46:15.945: [INFO] OnDoneLoading sync enabled: 0
2026-05-31 17:55:23.846: [INFO] OnDoneLoading sync enabled: 0
2026-05-31 17:56:49.495: [INFO] OnDoneLoading sync enabled: 0
2026-06-01 01:25:14.794: [INFO] OnDoneLoading sync enabled: 0
2026-06-01 01:25:22.222: [INFO] OnDoneLoading sync enabled: 0
2026-06-01 01:25:29.423: [INFO] OnDoneLoading sync enabled: 0
2026-06-01 01:25:47.609: [INFO] OnDoneLoading sync enabled: 0
2026-06-01 01:28:40.121: [INFO] OnDoneLoading sync enabled: 0
2026-06-01 01:30:44.992: [INFO] OnDoneLoading sync enabled: 0
2026-06-01 01:31:27.078: [INFO] OnDoneLoading sync enabled: 0
2026-06-01 01:32:29.785: [INFO] OnDoneLoading sync enabled: 0
2026-06-01 01:32:42.959: [INFO] OnDoneLoading sync enabled: 0
2026-06-01 01:40:05.640: [INFO] OnDoneLoading sync enabled: 0
2026-06-01 02:24:15.142: [INFO] OnDoneLoading sync enabled: 0
2026-06-01 19:14:23.277: [INFO] OnDoneLoading sync enabled: 0
2026-06-03 16:50:50.583: [INFO] OnDoneLoading sync enabled: 0
2026-07-24 20:27:58.762: [INFO] OnDoneLoading sync enabled: 0
2026-07-25 18:16:08.501: [INFO] OnDoneLoading sync enabled: 0
2026-07-28 19:34:32.844: [INFO] OnDoneLoading sync enabled: 0
2026-07-28 19:37:44.592: [INFO] OnDoneLoading sync enabled: 0
2026-07-28 22:14:38.082: [INFO] OnDoneLoading sync enabled: 0
2026-07-28 22:28:44.248: [INFO] OnDoneLoading sync enabled: 0
2026-07-29 15:18:20.201: [INFO] OnDoneLoading sync enabled: 0
2026-07-29 15:20:09.229: [INFO] OnDoneLoading sync enabled: 0
2026-07-30 15:26:12.610: [INFO] OnDoneLoading sync enabled: 0
2026-07-30 17:59:56.124: [INFO] OnDoneLoading sync enabled: 0
2026-07-31 00:11:10.477: [INFO] OnDoneLoading sync enabled: 0
2026-07-31 00:12:21.754: [INFO] OnDoneLoading sync enabled: 0
2026-07-31 03:34:20.093: [INFO] OnDoneLoading sync enabled: 0
2026-07-31 03:34:44.731: [INFO] OnDoneLoading sync enabled: 0
2026-07-31 03:35:07.194: [INFO] OnDoneLoading sync enabled: 0
2026-07-31 03:35:24.830: [INFO] OnDoneLoading sync enabled: 0
2026-07-31 03:37:36.103: [INFO] OnDoneLoading sync enabled: 0
2026-07-31 03:37:55.756: [INFO] OnDoneLoading sync enabled: 0
2026-08-01 18:39:31.042: [INFO] OnDoneLoading sync enabled: 0
2026-08-01 18:40:31.825: [INFO] OnDoneLoading sync enabled: 0
2026-08-01 18:40:48.781: [INFO] OnDoneLoading sync enabled: 0
2026-08-01 18:56:30.117: [INFO] OnDoneLoading sync enabled: 0
2026-08-01 18:59:38.695: [INFO] OnDoneLoading sync enabled: 0
2026-08-01 19:00:37.973: [INFO] OnDoneLoading sync enabled: 0
2026-08-01 19:01:45.300: [INFO] OnDoneLoading sync enabled: 0
2026-08-07 21:41:32.454: [INFO] OnDoneLoading sync enabled: 0
2026-08-07 21:52:05.689: [INFO] OnDoneLoading sync enabled: 0
2026-08-08 20:48:59.228: [INFO] OnDoneLoading sync enabled: 0
2026-08-08 21:29:31.886: [INFO] OnDoneLoading sync enabled: 0
2026-08-08 21:30:45.692: [INFO] OnDoneLoading sync enabled: 0
2026-08-08 21:33:43.813: [INFO] OnDoneLoading sync enabled: 0
2026-08-08 21:42:57.201: [INFO] OnDoneLoading sync enabled: 0
2026-08-08 21:44:35.642: [INFO] OnDoneLoading sync enabled: 0
2026-08-08 21:44:58.338: [INFO] OnDoneLoading sync enabled: 0
2026-08-20 21:29:38.270: [INFO] CurrentProfilePath: C:\Users\jaxla\FitnessGoals\.metadata\.plugins\org.eclipse.swt\EBWebView\Default
2026-08-20 21:29:38.270: [INFO] Profiles total count: 1
2026-08-20 21:29:38.271: [INFO] Profile: name=Profile 1 path=C:\Users\jaxla\FitnessGoals\.metadata\.plugins\org.eclipse.swt\EBWebView\Default lastActive=2026-07-28T19:34:40.422Z
2026-08-20 21:29:38.271: [INFO] LastUsedProfileDir: C:\Users\jaxla\FitnessGoals\.metadata\.plugins\org.eclipse.swt\EBWebView\Default
2026-08-20 21:29:38.271: [INFO] MostRecentlyActiveProfile: name=Profile 1 path=C:\Users\jaxla\FitnessGoals\.metadata\.plugins\org.eclipse.swt\EBWebView\Default lastActive=2026-07-28T19:34:40.422Z
2026-08-20 21:29:38.271: [INFO] OnDoneLoading sync enabled: 0
2026-08-20 21:29:38.271: [INFO] BookmarkModelLoaded, ids_reassigned: 0
2026-08-20 21:29:38.271: [INFO] BookmarksLoadDropped droppedNodes=0
2026-08-20 21:29:38.271: [INFO] BookmarksSnapshot Startup total=0 bar=0 other=0 mobile=0 showBar=0 showBarNTP=1
2026-08-20 21:30:08.850: [INFO] BookmarksSnapshot Shutdown total=0 bar=0 other=0 mobile=0 showBar=0 showBarNTP=1
2026-08-23 22:56:18.816: [INFO] CurrentProfilePath: C:\Users\jaxla\FitnessGoals\.metadata\.plugins\org.eclipse.swt\EBWebView\Default
2026-08-23 22:56:18.816: [INFO] Profiles total count: 1
2026-08-23 22:56:18.817: [INFO] Profile: name=Profile 1 path=C:\Users\jaxla\FitnessGoals\.metadata\.plugins\org.eclipse.swt\EBWebView\Default lastActive=2026-07-28T19:34:40.422Z
2026-08-23 22:56:18.817: [INFO] LastUsedProfileDir: C:\Users\jaxla\FitnessGoals\.metadata\.plugins\org.eclipse.swt\EBWebView\Default
2026-08-23 22:56:18.817: [INFO] MostRecentlyActiveProfile: name=Profile 1 path=C:\Users\jaxla\FitnessGoals\.metadata\.plugins\org.eclipse.swt\EBWebView\Default lastActive=2026-07-28T19:34:40.422Z
2026-08-23 22:56:18.817: [INFO] OnDoneLoading sync enabled: 0
2026-08-23 22:56:18.817: [INFO] BookmarkModelLoaded, ids_reassigned: 0
2026-08-23 22:56:18.817: [INFO] BookmarksLoadDropped droppedNodes=0
2026-08-23 22:56:18.817: [INFO] BookmarksSnapshot Startup total=0 bar=0 other=0 mobile=0 showBar=0 showBarNTP=1
2026-08-24 15:34:27.075: [INFO] BookmarksSnapshot Shutdown total=0 bar=0 other=0 mobile=0 showBar=0 showBarNTP=1
2026-08-24 15:39:02.066: [INFO] CurrentProfilePath: C:\Users\jaxla\FitnessGoals\.metadata\.plugins\org.eclipse.swt\EBWebView\Default
2026-08-24 15:39:02.066: [INFO] Profiles total count: 1
2026-08-24 15:39:02.067: [INFO] Profile: name=Profile 1 path=C:\Users\jaxla\FitnessGoals\.metadata\.plugins\org.eclipse.swt\EBWebView\Default lastActive=2026-07-28T19:34:40.422Z
2026-08-24 15:39:02.067: [INFO] LastUsedProfileDir: C:\Users\jaxla\FitnessGoals\.metadata\.plugins\org.eclipse.swt\EBWebView\Default
2026-08-24 15:39:02.067: [INFO] MostRecentlyActiveProfile: name=Profile 1 path=C:\Users\jaxla\FitnessGoals\.metadata\.plugins\org.eclipse.swt\EBWebView\Default lastActive=2026-07-28T19:34:40.422Z
2026-08-24 15:39:02.067: [INFO] OnDoneLoading sync enabled: 0
2026-08-24 15:39:02.067: [INFO] BookmarkModelLoaded, ids_reassigned: 0
2026-08-24 15:39:02.067: [INFO] BookmarksLoadDropped droppedNodes=0
2026-08-24 15:39:02.067: [INFO] BookmarksSnapshot Startup total=0 bar=0 other=0 mobile=0 showBar=0 showBarNTP=1
2026-08-24 15:39:10.184: [INFO] BookmarksSnapshot Shutdown total=0 bar=0 other=0 mobile=0 showBar=0 showBarNTP=1
2026-08-24 15:41:29.144: [INFO] CurrentProfilePath: C:\Users\jaxla\FitnessGoals\.metadata\.plugins\org.eclipse.swt\EBWebView\Default
2026-08-24 15:41:29.144: [INFO] Profiles total count: 1
2026-08-24 15:41:29.144: [INFO] Profile: name=Profile 1 path=C:\Users\jaxla\FitnessGoals\.metadata\.plugins\org.eclipse.swt\EBWebView\Default lastActive=2026-07-28T19:34:40.422Z
2026-08-24 15:41:29.144: [INFO] LastUsedProfileDir: C:\Users\jaxla\FitnessGoals\.metadata\.plugins\org.eclipse.swt\EBWebView\Default
2026-08-24 15:41:29.144: [INFO] MostRecentlyActiveProfile: name=Profile 1 path=C:\Users\jaxla\FitnessGoals\.metadata\.plugins\org.eclipse.swt\EBWebView\Default lastActive=2026-07-28T19:34:40.422Z
2026-08-24 15:41:29.144: [INFO] OnDoneLoading sync enabled: 0
2026-08-24 15:41:29.144: [INFO] BookmarkModelLoaded, ids_reassigned: 0
2026-08-24 15:41:29.144: [INFO] BookmarksLoadDropped droppedNodes=0
2026-08-24 15:41:29.144: [INFO] BookmarksSnapshot Startup total=0 bar=0 other=0 mobile=0 showBar=0 showBarNTP=1
2026-08-24 16:22:11.258: [INFO] BookmarksSnapshot Shutdown total=0 bar=0 other=0 mobile=0 showBar=0 showBarNTP=1
2026-08-24 16:22:21.734: [INFO] CurrentProfilePath: C:\Users\jaxla\FitnessGoals\.metadata\.plugins\org.eclipse.swt\EBWebView\Default
2026-08-24 16:22:21.734: [INFO] Profiles total count: 1
2026-08-24 16:22:21.734: [INFO] Profile: name=Profile 1 path=C:\Users\jaxla\FitnessGoals\.metadata\.plugins\org.eclipse.swt\EBWebView\Default lastActive=2026-07-28T19:34:40.422Z
2026-08-24 16:22:21.734: [INFO] LastUsedProfileDir: C:\Users\jaxla\FitnessGoals\.metadata\.plugins\org.eclipse.swt\EBWebView\Default
2026-08-24 16:22:21.734: [INFO] MostRecentlyActiveProfile: name=Profile 1 path=C:\Users\jaxla\FitnessGoals\.metadata\.plugins\org.eclipse.swt\EBWebView\Default lastActive=2026-07-28T19:34:40.422Z
2026-08-24 16:22:21.734: [INFO] OnDoneLoading sync enabled: 0
2026-08-24 16:22:21.734: [INFO] BookmarkModelLoaded, ids_reassigned: 0
2026-08-24 16:22:21.734: [INFO] BookmarksLoadDropped droppedNodes=0
2026-08-24 16:22:21.734: [INFO] BookmarksSnapshot Startup total=0 bar=0 other=0 mobile=0 showBar=0 showBarNTP=1
2026-08-24 16:27:54.048: [INFO] BookmarksSnapshot Shutdown total=0 bar=0 other=0 mobile=0 showBar=0 showBarNTP=1
2026-08-24 16:31:36.727: [INFO] CurrentProfilePath: C:\Users\jaxla\FitnessGoals\.metadata\.plugins\org.eclipse.swt\EBWebView\Default
2026-08-24 16:31:36.727: [INFO] Profiles total count: 1
2026-08-24 16:31:36.727: [INFO] Profile: name=Profile 1 path=C:\Users\jaxla\FitnessGoals\.metadata\.plugins\org.eclipse.swt\EBWebView\Default lastActive=2026-07-28T19:34:40.422Z
2026-08-24 16:31:36.727: [INFO] LastUsedProfileDir: C:\Users\jaxla\FitnessGoals\.metadata\.plugins\org.eclipse.swt\EBWebView\Default
2026-08-24 16:31:36.727: [INFO] MostRecentlyActiveProfile: name=Profile 1 path=C:\Users\jaxla\FitnessGoals\.metadata\.plugins\org.eclipse.swt\EBWebView\Default lastActive=2026-07-28T19:34:40.422Z
2026-08-24 16:31:36.727: [INFO] OnDoneLoading sync enabled: 0
2026-08-24 16:31:36.727: [INFO] BookmarkModelLoaded, ids_reassigned: 0
2026-08-24 16:31:36.727: [INFO] BookmarksLoadDropped droppedNodes=0
2026-08-24 16:31:36.727: [INFO] BookmarksSnapshot Startup total=0 bar=0 other=0 mobile=0 showBar=0 showBarNTP=1
2026-08-24 16:33:01.934: [INFO] BookmarksSnapshot Shutdown total=0 bar=0 other=0 mobile=0 showBar=0 showBarNTP=1
2026-08-24 16:33:58.858: [INFO] CurrentProfilePath: C:\Users\jaxla\FitnessGoals\.metadata\.plugins\org.eclipse.swt\EBWebView\Default
2026-08-24 16:33:58.858: [INFO] Profiles total count: 1
2026-08-24 16:33:58.858: [INFO] Profile: name=Profile 1 path=C:\Users\jaxla\FitnessGoals\.metadata\.plugins\org.eclipse.swt\EBWebView\Default lastActive=2026-07-28T19:34:40.422Z
2026-08-24 16:33:58.858: [INFO] LastUsedProfileDir: C:\Users\jaxla\FitnessGoals\.metadata\.plugins\org.eclipse.swt\EBWebView\Default
2026-08-24 16:33:58.858: [INFO] MostRecentlyActiveProfile: name=Profile 1 path=C:\Users\jaxla\FitnessGoals\.metadata\.plugins\org.eclipse.swt\EBWebView\Default lastActive=2026-07-28T19:34:40.422Z
2026-08-24 16:33:58.858: [INFO] OnDoneLoading sync enabled: 0
2026-08-24 16:33:58.858: [INFO] BookmarkModelLoaded, ids_reassigned: 0
2026-08-24 16:33:58.858: [INFO] BookmarksLoadDropped droppedNodes=0
2026-08-24 16:33:58.858: [INFO] BookmarksSnapshot Startup total=0 bar=0 other=0 mobile=0 showBar=0 showBarNTP=1
2026-08-24 16:36:04.790: [INFO] BookmarksSnapshot Shutdown total=0 bar=0 other=0 mobile=0 showBar=0 showBarNTP=1
2026-08-25 14:43:37.098: [INFO] CurrentProfilePath: C:\Users\jaxla\FitnessGoals\.metadata\.plugins\org.eclipse.swt\EBWebView\Default
2026-08-25 14:43:37.098: [INFO] Profiles total count: 1
2026-08-25 14:43:37.098: [INFO] Profile: name=Profile 1 path=C:\Users\jaxla\FitnessGoals\.metadata\.plugins\org.eclipse.swt\EBWebView\Default lastActive=2026-07-28T19:34:40.422Z
2026-08-25 14:43:37.098: [INFO] LastUsedProfileDir: C:\Users\jaxla\FitnessGoals\.metadata\.plugins\org.eclipse.swt\EBWebView\Default
2026-08-25 14:43:37.098: [INFO] MostRecentlyActiveProfile: name=Profile 1 path=C:\Users\jaxla\FitnessGoals\.metadata\.plugins\org.eclipse.swt\EBWebView\Default lastActive=2026-07-28T19:34:40.422Z
2026-08-25 14:43:37.098: [INFO] OnDoneLoading sync enabled: 0
2026-08-25 14:43:37.098: [INFO] BookmarkModelLoaded, ids_reassigned: 0
2026-08-25 14:43:37.098: [INFO] BookmarksLoadDropped droppedNodes=0
2026-08-25 14:43:37.098: [INFO] BookmarksSnapshot Startup total=0 bar=0 other=0 mobile=0 showBar=0 showBarNTP=1
2026-08-25 18:44:42.512: [INFO] BookmarksSnapshot Shutdown total=0 bar=0 other=0 mobile=0 showBar=0 showBarNTP=1
2026-08-27 17:17:51.405: [INFO] CurrentProfilePath: C:\Users\jaxla\FitnessGoals\.metadata\.plugins\org.eclipse.swt\EBWebView\Default
2026-08-27 17:17:51.405: [INFO] Profiles total count: 1
2026-08-27 17:17:51.405: [INFO] Profile: name=Profile 1 path=C:\Users\jaxla\FitnessGoals\.metadata\.plugins\org.eclipse.swt\EBWebView\Default lastActive=2026-07-28T19:34:40.422Z
2026-08-27 17:17:51.405: [INFO] LastUsedProfileDir: C:\Users\jaxla\FitnessGoals\.metadata\.plugins\org.eclipse.swt\EBWebView\Default
2026-08-27 17:17:51.405: [INFO] MostRecentlyActiveProfile: name=Profile 1 path=C:\Users\jaxla\FitnessGoals\.metadata\.plugins\org.eclipse.swt\EBWebView\Default lastActive=2026-07-28T19:34:40.422Z
2026-08-27 17:17:51.405: [INFO] OnDoneLoading sync enabled: 0
2026-08-27 17:17:51.405: [INFO] BookmarkModelLoaded, ids_reassigned: 0
2026-08-27 17:17:51.405: [INFO] BookmarksLoadDropped droppedNodes=0
2026-08-27 17:17:51.405: [INFO] BookmarksSnapshot Startup total=0 bar=0 other=0 mobile=0 showBar=0 showBarNTP=1
2026-08-27 17:17:53.709: [INFO] BookmarksSnapshot Shutdown total=0 bar=0 other=0 mobile=0 showBar=0 showBarNTP=1
2026-08-27 17:18:16.721: [INFO] CurrentProfilePath: C:\Users\jaxla\FitnessGoals\.metadata\.plugins\org.eclipse.swt\EBWebView\Default
2026-08-27 17:18:16.721: [INFO] Profiles total count: 1
2026-08-27 17:18:16.721: [INFO] Profile: name=Profile 1 path=C:\Users\jaxla\FitnessGoals\.metadata\.plugins\org.eclipse.swt\EBWebView\Default lastActive=2026-07-28T19:34:40.422Z
2026-08-27 17:18:16.721: [INFO] LastUsedProfileDir: C:\Users\jaxla\FitnessGoals\.metadata\.plugins\org.eclipse.swt\EBWebView\Default
2026-08-27 17:18:16.721: [INFO] MostRecentlyActiveProfile: name=Profile 1 path=C:\Users\jaxla\FitnessGoals\.metadata\.plugins\org.eclipse.swt\EBWebView\Default lastActive=2026-07-28T19:34:40.422Z
2026-08-27 17:18:16.721: [INFO] OnDoneLoading sync enabled: 0
2026-08-27 17:18:16.721: [INFO] BookmarkModelLoaded, ids_reassigned: 0
2026-08-27 17:18:16.721: [INFO] BookmarksLoadDropped droppedNodes=0
2026-08-27 17:18:16.721: [INFO] BookmarksSnapshot Startup total=0 bar=0 other=0 mobile=0 showBar=0 showBarNTP=1
2026-08-27 17:18:16.802: [INFO] BookmarksSnapshot Shutdown total=0 bar=0 other=0 mobile=0 showBar=0 showBarNTP=1
2026-08-27 17:30:59.211: [INFO] CurrentProfilePath: C:\Users\jaxla\FitnessGoals\.metadata\.plugins\org.eclipse.swt\EBWebView\Default
2026-08-27 17:30:59.211: [INFO] Profiles total count: 1
2026-08-27 17:30:59.211: [INFO] Profile: name=Profile 1 path=C:\Users\jaxla\FitnessGoals\.metadata\.plugins\org.eclipse.swt\EBWebView\Default lastActive=2026-07-28T19:34:40.422Z
2026-08-27 17:30:59.211: [INFO] LastUsedProfileDir: C:\Users\jaxla\FitnessGoals\.metadata\.plugins\org.eclipse.swt\EBWebView\Default
2026-08-27 17:30:59.211: [INFO] MostRecentlyActiveProfile: name=Profile 1 path=C:\Users\jaxla\FitnessGoals\.metadata\.plugins\org.eclipse.swt\EBWebView\Default lastActive=2026-07-28T19:34:40.422Z
2026-08-27 17:30:59.211: [INFO] OnDoneLoading sync enabled: 0
2026-08-27 17:30:59.211: [INFO] BookmarkModelLoaded, ids_reassigned: 0
2026-08-27 17:30:59.211: [INFO] BookmarksLoadDropped droppedNodes=0
2026-08-27 17:30:59.211: [INFO] BookmarksSnapshot Startup total=0 bar=0 other=0 mobile=0 showBar=0 showBarNTP=1
2026-08-27 17:31:05.728: [INFO] BookmarksSnapshot Shutdown total=0 bar=0 other=0 mobile=0 showBar=0 showBarNTP=1
2026-08-27 17:32:01.111: [INFO] CurrentProfilePath: C:\Users\jaxla\FitnessGoals\.metadata\.plugins\org.eclipse.swt\EBWebView\Default
2026-08-27 17:32:01.111: [INFO] Profiles total count: 1
2026-08-27 17:32:01.111: [INFO] Profile: name=Profile 1 path=C:\Users\jaxla\FitnessGoals\.metadata\.plugins\org.eclipse.swt\EBWebView\Default lastActive=2026-07-28T19:34:40.422Z
2026-08-27 17:32:01.111: [INFO] LastUsedProfileDir: C:\Users\jaxla\FitnessGoals\.metadata\.plugins\org.eclipse.swt\EBWebView\Default
2026-08-27 17:32:01.111: [INFO] MostRecentlyActiveProfile: name=Profile 1 path=C:\Users\jaxla\FitnessGoals\.metadata\.plugins\org.eclipse.swt\EBWebView\Default lastActive=2026-07-28T19:34:40.422Z
2026-08-27 17:32:01.111: [INFO] OnDoneLoading sync enabled: 0
2026-08-27 17:32:01.111: [INFO] BookmarkModelLoaded, ids_reassigned: 0
2026-08-27 17:32:01.111: [INFO] BookmarksLoadDropped droppedNodes=0
2026-08-27 17:32:01.111: [INFO] BookmarksSnapshot Startup total=0 bar=0 other=0 mobile=0 showBar=0 showBarNTP=1
2026-08-27 17:32:03.466: [INFO] BookmarksSnapshot Shutdown total=0 bar=0 other=0 mobile=0 showBar=0 showBarNTP=1
2026-08-27 17:34:39.947: [INFO] CurrentProfilePath: C:\Users\jaxla\FitnessGoals\.metadata\.plugins\org.eclipse.swt\EBWebView\Default
2026-08-27 17:34:39.947: [INFO] Profiles total count: 1
2026-08-27 17:34:39.947: [INFO] Profile: name=Profile 1 path=C:\Users\jaxla\FitnessGoals\.metadata\.plugins\org.eclipse.swt\EBWebView\Default lastActive=2026-07-28T19:34:40.422Z
2026-08-27 17:34:39.947: [INFO] LastUsedProfileDir: C:\Users\jaxla\FitnessGoals\.metadata\.plugins\org.eclipse.swt\EBWebView\Default
2026-08-27 17:34:39.947: [INFO] MostRecentlyActiveProfile: name=Profile 1 path=C:\Users\jaxla\FitnessGoals\.metadata\.plugins\org.eclipse.swt\EBWebView\Default lastActive=2026-07-28T19:34:40.422Z
2026-08-27 17:34:39.947: [INFO] OnDoneLoading sync enabled: 0
2026-08-27 17:34:39.947: [INFO] BookmarkModelLoaded, ids_reassigned: 0
2026-08-27 17:34:39.947: [INFO] BookmarksLoadDropped droppedNodes=0
2026-08-27 17:34:39.947: [INFO] BookmarksSnapshot Startup total=0 bar=0 other=0 mobile=0 showBar=0 showBarNTP=1
2026-08-27 20:13:16.785: [INFO] BookmarksSnapshot Shutdown total=0 bar=0 other=0 mobile=0 showBar=0 showBarNTP=1
2026-08-27 20:13:20.629: [INFO] CurrentProfilePath: C:\Users\jaxla\FitnessGoals\.metadata\.plugins\org.eclipse.swt\EBWebView\Default
2026-08-27 20:13:20.629: [INFO] Profiles total count: 1
2026-08-27 20:13:20.629: [INFO] Profile: name=Profile 1 path=C:\Users\jaxla\FitnessGoals\.metadata\.plugins\org.eclipse.swt\EBWebView\Default lastActive=2026-07-28T19:34:40.422Z
2026-08-27 20:13:20.629: [INFO] LastUsedProfileDir: C:\Users\jaxla\FitnessGoals\.metadata\.plugins\org.eclipse.swt\EBWebView\Default
2026-08-27 20:13:20.629: [INFO] MostRecentlyActiveProfile: name=Profile 1 path=C:\Users\jaxla\FitnessGoals\.metadata\.plugins\org.eclipse.swt\EBWebView\Default lastActive=2026-07-28T19:34:40.422Z
2026-08-27 20:13:20.629: [INFO] OnDoneLoading sync enabled: 0
2026-08-27 20:13:20.629: [INFO] BookmarkModelLoaded, ids_reassigned: 0
2026-08-27 20:13:20.629: [INFO] BookmarksLoadDropped droppedNodes=0
2026-08-27 20:13:20.629: [INFO] BookmarksSnapshot Startup total=0 bar=0 other=0 mobile=0 showBar=0 showBarNTP=1
2026-08-30 15:40:00.558: [INFO] BookmarksSnapshot Shutdown total=0 bar=0 other=0 mobile=0 showBar=0 showBarNTP=1
2026-08-30 15:40:17.226: [INFO] CurrentProfilePath: C:\Users\jaxla\FitnessGoals\.metadata\.plugins\org.eclipse.swt\EBWebView\Default
2026-08-30 15:40:17.226: [INFO] Profiles total count: 1
2026-08-30 15:40:17.227: [INFO] Profile: name=Profile 1 path=C:\Users\jaxla\FitnessGoals\.metadata\.plugins\org.eclipse.swt\EBWebView\Default lastActive=2026-07-28T19:34:40.422Z
2026-08-30 15:40:17.227: [INFO] LastUsedProfileDir: C:\Users\jaxla\FitnessGoals\.metadata\.plugins\org.eclipse.swt\EBWebView\Default
2026-08-30 15:40:17.227: [INFO] MostRecentlyActiveProfile: name=Profile 1 path=C:\Users\jaxla\FitnessGoals\.metadata\.plugins\org.eclipse.swt\EBWebView\Default lastActive=2026-07-28T19:34:40.422Z
2026-08-30 15:40:17.227: [INFO] OnDoneLoading sync enabled: 0
2026-08-30 15:40:17.227: [INFO] BookmarkModelLoaded, ids_reassigned: 0
2026-08-30 15:40:17.227: [INFO] BookmarksLoadDropped droppedNodes=0
2026-08-30 15:40:17.227: [INFO] BookmarksSnapshot Startup total=0 bar=0 other=0 mobile=0 showBar=0 showBarNTP=1
2026-09-01 19:05:59.052: [INFO] BookmarksSnapshot Shutdown total=0 bar=0 other=0 mobile=0 showBar=0 showBarNTP=1
2026-09-02 16:20:24.650: [INFO] CurrentProfilePath: C:\Users\jaxla\FitnessGoals\.metadata\.plugins\org.eclipse.swt\EBWebView\Default
2026-09-02 16:20:24.650: [INFO] Profiles total count: 1
2026-09-02 16:20:24.656: [INFO] Profile: name=Profile 1 path=C:\Users\jaxla\FitnessGoals\.metadata\.plugins\org.eclipse.swt\EBWebView\Default lastActive=2026-07-28T19:34:40.422Z
2026-09-02 16:20:24.656: [INFO] LastUsedProfileDir: C:\Users\jaxla\FitnessGoals\.metadata\.plugins\org.eclipse.swt\EBWebView\Default
2026-09-02 16:20:24.656: [INFO] MostRecentlyActiveProfile: name=Profile 1 path=C:\Users\jaxla\FitnessGoals\.metadata\.plugins\org.eclipse.swt\EBWebView\Default lastActive=2026-07-28T19:34:40.422Z
2026-09-02 16:20:24.656: [INFO] OnDoneLoading sync enabled: 0
2026-09-02 16:20:24.656: [INFO] BookmarkModelLoaded, ids_reassigned: 0
2026-09-02 16:20:24.656: [INFO] BookmarksLoadDropped droppedNodes=0
2026-09-02 16:20:24.656: [INFO] BookmarksSnapshot Startup total=0 bar=0 other=0 mobile=0 showBar=0 showBarNTP=1
2026-09-02 16:21:52.882: [INFO] BookmarksSnapshot Shutdown total=0 bar=0 other=0 mobile=0 showBar=0 showBarNTP=1
2026-09-02 16:22:11.475: [INFO] CurrentProfilePath: C:\Users\jaxla\FitnessGoals\.metadata\.plugins\org.eclipse.swt\EBWebView\Default
2026-09-02 16:22:11.475: [INFO] Profiles total count: 1
2026-09-02 16:22:11.475: [INFO] Profile: name=Profile 1 path=C:\Users\jaxla\FitnessGoals\.metadata\.plugins\org.eclipse.swt\EBWebView\Default lastActive=2026-07-28T19:34:40.422Z
2026-09-02 16:22:11.475: [INFO] LastUsedProfileDir: C:\Users\jaxla\FitnessGoals\.metadata\.plugins\org.eclipse.swt\EBWebView\Default
2026-09-02 16:22:11.475: [INFO] MostRecentlyActiveProfile: name=Profile 1 path=C:\Users\jaxla\FitnessGoals\.metadata\.plugins\org.eclipse.swt\EBWebView\Default lastActive=2026-07-28T19:34:40.422Z
2026-09-02 16:22:11.475: [INFO] OnDoneLoading sync enabled: 0
2026-09-02 16:22:11.475: [INFO] BookmarkModelLoaded, ids_reassigned: 0
2026-09-02 16:22:11.475: [INFO] BookmarksLoadDropped droppedNodes=0
2026-09-02 16:22:11.475: [INFO] BookmarksSnapshot Startup total=0 bar=0 other=0 mobile=0 showBar=0 showBarNTP=1
2026-09-03 02:47:04.515: [INFO] BookmarksSnapshot Shutdown total=0 bar=0 other=0 mobile=0 showBar=0 showBarNTP=1
2026-09-11 20:15:06.481: [INFO] CurrentProfilePath: C:\Users\jaxla\FitnessGoals\.metadata\.plugins\org.eclipse.swt\EBWebView\Default
2026-09-11 20:15:06.481: [INFO] Profiles total count: 1
2026-09-11 20:15:06.481: [INFO] Profile: name=Profile 1 path=C:\Users\jaxla\FitnessGoals\.metadata\.plugins\org.eclipse.swt\EBWebView\Default lastActive=2026-07-28T19:34:40.422Z
2026-09-11 20:15:06.481: [INFO] LastUsedProfileDir: C:\Users\jaxla\FitnessGoals\.metadata\.plugins\org.eclipse.swt\EBWebView\Default
2026-09-11 20:15:06.481: [INFO] MostRecentlyActiveProfile: name=Profile 1 path=C:\Users\jaxla\FitnessGoals\.metadata\.plugins\org.eclipse.swt\EBWebView\Default lastActive=2026-07-28T19:34:40.422Z
2026-09-11 20:15:06.481: [INFO] OnDoneLoading sync enabled: 0
2026-09-11 20:15:06.481: [INFO] BookmarkModelLoaded, ids_reassigned: 0
2026-09-11 20:15:06.481: [INFO] BookmarksLoadDropped droppedNodes=0
2026-09-11 20:15:06.481: [INFO] BookmarksSnapshot Startup total=0 bar=0 other=0 mobile=0 showBar=0 showBarNTP=1
2026-09-11 20:15:14.041: [INFO] BookmarksSnapshot Shutdown total=0 bar=0 other=0 mobile=0 showBar=0 showBarNTP=1
2026-09-11 20:17:43.536: [INFO] CurrentProfilePath: C:\Users\jaxla\FitnessGoals\.metadata\.plugins\org.eclipse.swt\EBWebView\Default
2026-09-11 20:17:43.536: [INFO] Profiles total count: 1
2026-09-11 20:17:43.536: [INFO] Profile: name=Profile 1 path=C:\Users\jaxla\FitnessGoals\.metadata\.plugins\org.eclipse.swt\EBWebView\Default lastActive=2026-07-28T19:34:40.422Z
2026-09-11 20:17:43.536: [INFO] LastUsedProfileDir: C:\Users\jaxla\FitnessGoals\.metadata\.plugins\org.eclipse.swt\EBWebView\Default
2026-09-11 20:17:43.536: [INFO] MostRecentlyActiveProfile: name=Profile 1 path=C:\Users\jaxla\FitnessGoals\.metadata\.plugins\org.eclipse.swt\EBWebView\Default lastActive=2026-07-28T19:34:40.422Z
2026-09-11 20:17:43.536: [INFO] OnDoneLoading sync enabled: 0
2026-09-11 20:17:43.536: [INFO] BookmarkModelLoaded, ids_reassigned: 0
2026-09-11 20:17:43.536: [INFO] BookmarksLoadDropped droppedNodes=0
2026-09-11 20:17:43.536: [INFO] BookmarksSnapshot Startup total=0 bar=0 other=0 mobile=0 showBar=0 showBarNTP=1
2026-09-11 20:39:10.528: [INFO] BookmarksSnapshot Shutdown total=0 bar=0 other=0 mobile=0 showBar=0 showBarNTP=1
2026-09-11 20:39:22.506: [INFO] CurrentProfilePath: C:\Users\jaxla\FitnessGoals\.metadata\.plugins\org.eclipse.swt\EBWebView\Default
2026-09-11 20:39:22.506: [INFO] Profiles total count: 1
2026-09-11 20:39:22.506: [INFO] Profile: name=Profile 1 path=C:\Users\jaxla\FitnessGoals\.metadata\.plugins\org.eclipse.swt\EBWebView\Default lastActive=2026-07-28T19:34:40.422Z
2026-09-11 20:39:22.506: [INFO] LastUsedProfileDir: C:\Users\jaxla\FitnessGoals\.metadata\.plugins\org.eclipse.swt\EBWebView\Default
2026-09-11 20:39:22.506: [INFO] MostRecentlyActiveProfile: name=Profile 1 path=C:\Users\jaxla\FitnessGoals\.metadata\.plugins\org.eclipse.swt\EBWebView\Default lastActive=2026-07-28T19:34:40.422Z
2026-09-11 20:39:22.506: [INFO] OnDoneLoading sync enabled: 0
2026-09-11 20:39:22.506: [INFO] BookmarkModelLoaded, ids_reassigned: 0
2026-09-11 20:39:22.506: [INFO] BookmarksLoadDropped droppedNodes=0
2026-09-11 20:39:22.506: [INFO] BookmarksSnapshot Startup total=0 bar=0 other=0 mobile=0 showBar=0 showBarNTP=1
2026-09-11 21:04:20.238: [INFO] BookmarksSnapshot Shutdown total=0 bar=0 other=0 mobile=0 showBar=0 showBarNTP=1
2026-09-11 21:08:19.068: [INFO] CurrentProfilePath: C:\Users\jaxla\FitnessGoals\.metadata\.plugins\org.eclipse.swt\EBWebView\Default
2026-09-11 21:08:19.068: [INFO] Profiles total count: 1
2026-09-11 21:08:19.068: [INFO] Profile: name=Profile 1 path=C:\Users\jaxla\FitnessGoals\.metadata\.plugins\org.eclipse.swt\EBWebView\Default lastActive=2026-07-28T19:34:40.422Z
2026-09-11 21:08:19.068: [INFO] LastUsedProfileDir: C:\Users\jaxla\FitnessGoals\.metadata\.plugins\org.eclipse.swt\EBWebView\Default
2026-09-11 21:08:19.068: [INFO] MostRecentlyActiveProfile: name=Profile 1 path=C:\Users\jaxla\FitnessGoals\.metadata\.plugins\org.eclipse.swt\EBWebView\Default lastActive=2026-07-28T19:34:40.422Z
2026-09-11 21:08:19.068: [INFO] OnDoneLoading sync enabled: 0
2026-09-11 21:08:19.068: [INFO] BookmarkModelLoaded, ids_reassigned: 0
2026-09-11 21:08:19.068: [INFO] BookmarksLoadDropped droppedNodes=0
2026-09-11 21:08:19.068: [INFO] BookmarksSnapshot Startup total=0 bar=0 other=0 mobile=0 showBar=0 showBarNTP=1
2026-09-11 21:08:24.614: [INFO] BookmarksSnapshot Shutdown total=0 bar=0 other=0 mobile=0 showBar=0 showBarNTP=1
2026-09-11 21:23:32.752: [INFO] CurrentProfilePath: C:\Users\jaxla\FitnessGoals\.metadata\.plugins\org.eclipse.swt\EBWebView\Default
2026-09-11 21:23:32.752: [INFO] Profiles total count: 1
2026-09-11 21:23:32.752: [INFO] Profile: name=Profile 1 path=C:\Users\jaxla\FitnessGoals\.metadata\.plugins\org.eclipse.swt\EBWebView\Default lastActive=2026-07-28T19:34:40.422Z
2026-09-11 21:23:32.752: [INFO] LastUsedProfileDir: C:\Users\jaxla\FitnessGoals\.metadata\.plugins\org.eclipse.swt\EBWebView\Default
2026-09-11 21:23:32.752: [INFO] MostRecentlyActiveProfile: name=Profile 1 path=C:\Users\jaxla\FitnessGoals\.metadata\.plugins\org.eclipse.swt\EBWebView\Default lastActive=2026-07-28T19:34:40.422Z
2026-09-11 21:23:32.752: [INFO] OnDoneLoading sync enabled: 0
2026-09-11 21:23:32.752: [INFO] BookmarkModelLoaded, ids_reassigned: 0
2026-09-11 21:23:32.752: [INFO] BookmarksLoadDropped droppedNodes=0
2026-09-11 21:23:32.752: [INFO] BookmarksSnapshot Startup total=0 bar=0 other=0 mobile=0 showBar=0 showBarNTP=1
2026-09-11 21:24:21.971: [INFO] BookmarksSnapshot Shutdown total=0 bar=0 other=0 mobile=0 showBar=0 showBarNTP=1
2026-09-11 21:24:32.912: [INFO] CurrentProfilePath: C:\Users\jaxla\FitnessGoals\.metadata\.plugins\org.eclipse.swt\EBWebView\Default
2026-09-11 21:24:32.912: [INFO] Profiles total count: 1
2026-09-11 21:24:32.912: [INFO] Profile: name=Profile 1 path=C:\Users\jaxla\FitnessGoals\.metadata\.plugins\org.eclipse.swt\EBWebView\Default lastActive=2026-07-28T19:34:40.422Z
2026-09-11 21:24:32.912: [INFO] LastUsedProfileDir: C:\Users\jaxla\FitnessGoals\.metadata\.plugins\org.eclipse.swt\EBWebView\Default
2026-09-11 21:24:32.912: [INFO] MostRecentlyActiveProfile: name=Profile 1 path=C:\Users\jaxla\FitnessGoals\.metadata\.plugins\org.eclipse.swt\EBWebView\Default lastActive=2026-07-28T19:34:40.422Z
2026-09-11 21:24:32.912: [INFO] OnDoneLoading sync enabled: 0
2026-09-11 21:24:32.912: [INFO] BookmarkModelLoaded, ids_reassigned: 0
2026-09-11 21:24:32.912: [INFO] BookmarksLoadDropped droppedNodes=0
2026-09-11 21:24:32.912: [INFO] BookmarksSnapshot Startup total=0 bar=0 other=0 mobile=0 showBar=0 showBarNTP=1
2026-09-14 00:02:06.914: [INFO] BookmarksSnapshot Shutdown total=0 bar=0 other=0 mobile=0 showBar=0 showBarNTP=1
2026-09-14 00:03:12.596: [INFO] CurrentProfilePath: C:\Users\jaxla\FitnessGoals\.metadata\.plugins\org.eclipse.swt\EBWebView\Default
2026-09-14 00:03:12.596: [INFO] Profiles total count: 1
2026-09-14 00:03:12.596: [INFO] Profile: name=Profile 1 path=C:\Users\jaxla\FitnessGoals\.metadata\.plugins\org.eclipse.swt\EBWebView\Default lastActive=2026-07-28T19:34:40.422Z
2026-09-14 00:03:12.596: [INFO] LastUsedProfileDir: C:\Users\jaxla\FitnessGoals\.metadata\.plugins\org.eclipse.swt\EBWebView\Default
2026-09-14 00:03:12.596: [INFO] MostRecentlyActiveProfile: name=Profile 1 path=C:\Users\jaxla\FitnessGoals\.metadata\.plugins\org.eclipse.swt\EBWebView\Default lastActive=2026-07-28T19:34:40.422Z
2026-09-14 00:03:12.596: [INFO] OnDoneLoading sync enabled: 0
2026-09-14 00:03:12.596: [INFO] BookmarkModelLoaded, ids_reassigned: 0
2026-09-14 00:03:12.596: [INFO] BookmarksLoadDropped droppedNodes=0
2026-09-14 00:03:12.596: [INFO] BookmarksSnapshot Startup total=0 bar=0 other=0 mobile=0 showBar=0 showBarNTP=1
2026-09-14 21:38:38.433: [INFO] BookmarksSnapshot Shutdown total=0 bar=0 other=0 mobile=0 showBar=0 showBarNTP=1
2026-09-14 21:38:43.908: [INFO] CurrentProfilePath: C:\Users\jaxla\FitnessGoals\.metadata\.plugins\org.eclipse.swt\EBWebView\Default
2026-09-14 21:38:43.908: [INFO] Profiles total count: 1
2026-09-14 21:38:43.908: [INFO] Profile: name=Profile 1 path=C:\Users\jaxla\FitnessGoals\.metadata\.plugins\org.eclipse.swt\EBWebView\Default lastActive=2026-07-28T19:34:40.422Z
2026-09-14 21:38:43.908: [INFO] LastUsedProfileDir: C:\Users\jaxla\FitnessGoals\.metadata\.plugins\org.eclipse.swt\EBWebView\Default
2026-09-14 21:38:43.908: [INFO] MostRecentlyActiveProfile: name=Profile 1 path=C:\Users\jaxla\FitnessGoals\.metadata\.plugins\org.eclipse.swt\EBWebView\Default lastActive=2026-07-28T19:34:40.422Z
2026-09-14 21:38:43.908: [INFO] OnDoneLoading sync enabled: 0
2026-09-14 21:38:43.908: [INFO] BookmarkModelLoaded, ids_reassigned: 0
2026-09-14 21:38:43.908: [INFO] BookmarksLoadDropped droppedNodes=0
2026-09-14 21:38:43.908: [INFO] BookmarksSnapshot Startup total=0 bar=0 other=0 mobile=0 showBar=0 showBarNTP=1
2026-09-16 15:59:48.390: [INFO] BookmarksSnapshot Shutdown total=0 bar=0 other=0 mobile=0 showBar=0 showBarNTP=1
2026-09-16 16:19:51.883: [INFO] CurrentProfilePath: C:\Users\jaxla\FitnessGoals\.metadata\.plugins\org.eclipse.swt\EBWebView\Default
2026-09-16 16:19:51.883: [INFO] Profiles total count: 1
2026-09-16 16:19:51.883: [INFO] Profile: name=Profile 1 path=C:\Users\jaxla\FitnessGoals\.metadata\.plugins\org.eclipse.swt\EBWebView\Default lastActive=2026-07-28T19:34:40.422Z
2026-09-16 16:19:51.883: [INFO] LastUsedProfileDir: C:\Users\jaxla\FitnessGoals\.metadata\.plugins\org.eclipse.swt\EBWebView\Default
2026-09-16 16:19:51.883: [INFO] MostRecentlyActiveProfile: name=Profile 1 path=C:\Users\jaxla\FitnessGoals\.metadata\.plugins\org.eclipse.swt\EBWebView\Default lastActive=2026-07-28T19:34:40.422Z
2026-09-16 16:19:51.883: [INFO] OnDoneLoading sync enabled: 0
2026-09-16 16:19:51.883: [INFO] BookmarkModelLoaded, ids_reassigned: 0
2026-09-16 16:19:51.883: [INFO] BookmarksLoadDropped droppedNodes=0
2026-09-16 16:19:51.883: [INFO] BookmarksSnapshot Startup total=0 bar=0 other=0 mobile=0 showBar=0 showBarNTP=1
2026-09-16 16:20:56.896: [INFO] BookmarksSnapshot Shutdown total=0 bar=0 other=0 mobile=0 showBar=0 showBarNTP=1
2026-09-16 16:22:29.555: [INFO] CurrentProfilePath: C:\Users\jaxla\FitnessGoals\.metadata\.plugins\org.eclipse.swt\EBWebView\Default
2026-09-16 16:22:29.555: [INFO] Profiles total count: 1
2026-09-16 16:22:29.555: [INFO] Profile: name=Profile 1 path=C:\Users\jaxla\FitnessGoals\.metadata\.plugins\org.eclipse.swt\EBWebView\Default lastActive=2026-07-28T19:34:40.422Z
2026-09-16 16:22:29.555: [INFO] LastUsedProfileDir: C:\Users\jaxla\FitnessGoals\.metadata\.plugins\org.eclipse.swt\EBWebView\Default
2026-09-16 16:22:29.555: [INFO] MostRecentlyActiveProfile: name=Profile 1 path=C:\Users\jaxla\FitnessGoals\.metadata\.plugins\org.eclipse.swt\EBWebView\Default lastActive=2026-07-28T19:34:40.422Z
2026-09-16 16:22:29.555: [INFO] OnDoneLoading sync enabled: 0
2026-09-16 16:22:29.555: [INFO] BookmarkModelLoaded, ids_reassigned: 0
2026-09-16 16:22:29.555: [INFO] BookmarksLoadDropped droppedNodes=0
2026-09-16 16:22:29.556: [INFO] BookmarksSnapshot Startup total=0 bar=0 other=0 mobile=0 showBar=0 showBarNTP=1
2026-09-16 16:31:12.165: [INFO] BookmarksSnapshot Shutdown total=0 bar=0 other=0 mobile=0 showBar=0 showBarNTP=1
2026-09-16 16:31:47.282: [INFO] CurrentProfilePath: C:\Users\jaxla\FitnessGoals\.metadata\.plugins\org.eclipse.swt\EBWebView\Default
2026-09-16 16:31:47.282: [INFO] Profiles total count: 1
2026-09-16 16:31:47.282: [INFO] Profile: name=Profile 1 path=C:\Users\jaxla\FitnessGoals\.metadata\.plugins\org.eclipse.swt\EBWebView\Default lastActive=2026-07-28T19:34:40.422Z
2026-09-16 16:31:47.282: [INFO] LastUsedProfileDir: C:\Users\jaxla\FitnessGoals\.metadata\.plugins\org.eclipse.swt\EBWebView\Default
2026-09-16 16:31:47.282: [INFO] MostRecentlyActiveProfile: name=Profile 1 path=C:\Users\jaxla\FitnessGoals\.metadata\.plugins\org.eclipse.swt\EBWebView\Default lastActive=2026-07-28T19:34:40.422Z
2026-09-16 16:31:47.282: [INFO] OnDoneLoading sync enabled: 0
2026-09-16 16:31:47.282: [INFO] BookmarkModelLoaded, ids_reassigned: 0
2026-09-16 16:31:47.282: [INFO] BookmarksLoadDropped droppedNodes=0
2026-09-16 16:31:47.282: [INFO] BookmarksSnapshot Startup total=0 bar=0 other=0 mobile=0 showBar=0 showBarNTP=1
2026-09-16 16:31:52.818: [INFO] BookmarksSnapshot Shutdown total=0 bar=0 other=0 mobile=0 showBar=0 showBarNTP=1
2026-09-16 16:32:06.830: [INFO] CurrentProfilePath: C:\Users\jaxla\FitnessGoals\.metadata\.plugins\org.eclipse.swt\EBWebView\Default
2026-09-16 16:32:06.830: [INFO] Profiles total count: 1
2026-09-16 16:32:06.830: [INFO] Profile: name=Profile 1 path=C:\Users\jaxla\FitnessGoals\.metadata\.plugins\org.eclipse.swt\EBWebView\Default lastActive=2026-07-28T19:34:40.422Z
2026-09-16 16:32:06.830: [INFO] LastUsedProfileDir: C:\Users\jaxla\FitnessGoals\.metadata\.plugins\org.eclipse.swt\EBWebView\Default
2026-09-16 16:32:06.830: [INFO] MostRecentlyActiveProfile: name=Profile 1 path=C:\Users\jaxla\FitnessGoals\.metadata\.plugins\org.eclipse.swt\EBWebView\Default lastActive=2026-07-28T19:34:40.422Z
2026-09-16 16:32:06.830: [INFO] OnDoneLoading sync enabled: 0
2026-09-16 16:32:06.830: [INFO] BookmarkModelLoaded, ids_reassigned: 0
2026-09-16 16:32:06.830: [INFO] BookmarksLoadDropped droppedNodes=0
2026-09-16 16:32:06.830: [INFO] BookmarksSnapshot Startup total=0 bar=0 other=0 mobile=0 showBar=0 showBarNTP=1
2026-09-16 16:32:44.195: [INFO] BookmarksSnapshot Shutdown total=0 bar=0 other=0 mobile=0 showBar=0 showBarNTP=1
2026-09-16 16:32:46.857: [INFO] CurrentProfilePath: C:\Users\jaxla\FitnessGoals\.metadata\.plugins\org.eclipse.swt\EBWebView\Default
2026-09-16 16:32:46.857: [INFO] Profiles total count: 1
2026-09-16 16:32:46.857: [INFO] Profile: name=Profile 1 path=C:\Users\jaxla\FitnessGoals\.metadata\.plugins\org.eclipse.swt\EBWebView\Default lastActive=2026-07-28T19:34:40.422Z
2026-09-16 16:32:46.857: [INFO] LastUsedProfileDir: C:\Users\jaxla\FitnessGoals\.metadata\.plugins\org.eclipse.swt\EBWebView\Default
2026-09-16 16:32:46.857: [INFO] MostRecentlyActiveProfile: name=Profile 1 path=C:\Users\jaxla\FitnessGoals\.metadata\.plugins\org.eclipse.swt\EBWebView\Default lastActive=2026-07-28T19:34:40.422Z
2026-09-16 16:32:46.857: [INFO] OnDoneLoading sync enabled: 0
2026-09-16 16:32:46.857: [INFO] BookmarkModelLoaded, ids_reassigned: 0
2026-09-16 16:32:46.857: [INFO] BookmarksLoadDropped droppedNodes=0
2026-09-16 16:32:46.857: [INFO] BookmarksSnapshot Startup total=0 bar=0 other=0 mobile=0 showBar=0 showBarNTP=1
2026-09-16 16:32:52.118: [INFO] BookmarksSnapshot Shutdown total=0 bar=0 other=0 mobile=0 showBar=0 showBarNTP=1
2026-09-16 16:32:54.346: [INFO] CurrentProfilePath: C:\Users\jaxla\FitnessGoals\.metadata\.plugins\org.eclipse.swt\EBWebView\Default
2026-09-16 16:32:54.346: [INFO] Profiles total count: 1
2026-09-16 16:32:54.346: [INFO] Profile: name=Profile 1 path=C:\Users\jaxla\FitnessGoals\.metadata\.plugins\org.eclipse.swt\EBWebView\Default lastActive=2026-07-28T19:34:40.422Z
2026-09-16 16:32:54.346: [INFO] LastUsedProfileDir: C:\Users\jaxla\FitnessGoals\.metadata\.plugins\org.eclipse.swt\EBWebView\Default
2026-09-16 16:32:54.346: [INFO] MostRecentlyActiveProfile: name=Profile 1 path=C:\Users\jaxla\FitnessGoals\.metadata\.plugins\org.eclipse.swt\EBWebView\Default lastActive=2026-07-28T19:34:40.422Z
2026-09-16 16:32:54.346: [INFO] OnDoneLoading sync enabled: 0
2026-09-16 16:32:54.346: [INFO] BookmarkModelLoaded, ids_reassigned: 0
2026-09-16 16:32:54.346: [INFO] BookmarksLoadDropped droppedNodes=0
2026-09-16 16:32:54.346: [INFO] BookmarksSnapshot Startup total=0 bar=0 other=0 mobile=0 showBar=0 showBarNTP=1
2026-09-16 16:32:57.784: [INFO] BookmarksSnapshot Shutdown total=0 bar=0 other=0 mobile=0 showBar=0 showBarNTP=1
2026-09-16 16:34:53.551: [INFO] CurrentProfilePath: C:\Users\jaxla\FitnessGoals\.metadata\.plugins\org.eclipse.swt\EBWebView\Default
2026-09-16 16:34:53.551: [INFO] Profiles total count: 1
2026-09-16 16:34:53.551: [INFO] Profile: name=Profile 1 path=C:\Users\jaxla\FitnessGoals\.metadata\.plugins\org.eclipse.swt\EBWebView\Default lastActive=2026-07-28T19:34:40.422Z
2026-09-16 16:34:53.551: [INFO] LastUsedProfileDir: C:\Users\jaxla\FitnessGoals\.metadata\.plugins\org.eclipse.swt\EBWebView\Default
2026-09-16 16:34:53.551: [INFO] MostRecentlyActiveProfile: name=Profile 1 path=C:\Users\jaxla\FitnessGoals\.metadata\.plugins\org.eclipse.swt\EBWebView\Default lastActive=2026-07-28T19:34:40.422Z
2026-09-16 16:34:53.551: [INFO] OnDoneLoading sync enabled: 0
2026-09-16 16:34:53.551: [INFO] BookmarkModelLoaded, ids_reassigned: 0
2026-09-16 16:34:53.551: [INFO] BookmarksLoadDropped droppedNodes=0
2026-09-16 16:34:53.551: [INFO] BookmarksSnapshot Startup total=0 bar=0 other=0 mobile=0 showBar=0 showBarNTP=1
2026-09-16 16:35:08.396: [INFO] BookmarksSnapshot Shutdown total=0 bar=0 other=0 mobile=0 showBar=0 showBarNTP=1
2026-09-16 16:36:21.235: [INFO] CurrentProfilePath: C:\Users\jaxla\FitnessGoals\.metadata\.plugins\org.eclipse.swt\EBWebView\Default
2026-09-16 16:36:21.235: [INFO] Profiles total count: 1
2026-09-16 16:36:21.235: [INFO] Profile: name=Profile 1 path=C:\Users\jaxla\FitnessGoals\.metadata\.plugins\org.eclipse.swt\EBWebView\Default lastActive=2026-07-28T19:34:40.422Z
2026-09-16 16:36:21.235: [INFO] LastUsedProfileDir: C:\Users\jaxla\FitnessGoals\.metadata\.plugins\org.eclipse.swt\EBWebView\Default
2026-09-16 16:36:21.235: [INFO] MostRecentlyActiveProfile: name=Profile 1 path=C:\Users\jaxla\FitnessGoals\.metadata\.plugins\org.eclipse.swt\EBWebView\Default lastActive=2026-07-28T19:34:40.422Z
2026-09-16 16:36:21.235: [INFO] OnDoneLoading sync enabled: 0
2026-09-16 16:36:21.235: [INFO] BookmarkModelLoaded, ids_reassigned: 0
2026-09-16 16:36:21.235: [INFO] BookmarksLoadDropped droppedNodes=0
2026-09-16 16:36:21.235: [INFO] BookmarksSnapshot Startup total=0 bar=0 other=0 mobile=0 showBar=0 showBarNTP=1
2026-09-18 02:50:07.440: [INFO] BookmarksSnapshot Shutdown total=0 bar=0 other=0 mobile=0 showBar=0 showBarNTP=1
2026-09-18 02:54:07.514: [INFO] CurrentProfilePath: C:\Users\jaxla\FitnessGoals\.metadata\.plugins\org.eclipse.swt\EBWebView\Default
2026-09-18 02:54:07.514: [INFO] Profiles total count: 1
2026-09-18 02:54:07.514: [INFO] Profile: name=Profile 1 path=C:\Users\jaxla\FitnessGoals\.metadata\.plugins\org.eclipse.swt\EBWebView\Default lastActive=2026-07-28T19:34:40.422Z
2026-09-18 02:54:07.514: [INFO] LastUsedProfileDir: C:\Users\jaxla\FitnessGoals\.metadata\.plugins\org.eclipse.swt\EBWebView\Default
2026-09-18 02:54:07.514: [INFO] MostRecentlyActiveProfile: name=Profile 1 path=C:\Users\jaxla\FitnessGoals\.metadata\.plugins\org.eclipse.swt\EBWebView\Default lastActive=2026-07-28T19:34:40.422Z
2026-09-18 02:54:07.514: [INFO] OnDoneLoading sync enabled: 0
2026-09-18 02:54:07.514: [INFO] BookmarkModelLoaded, ids_reassigned: 0
2026-09-18 02:54:07.514: [INFO] BookmarksLoadDropped droppedNodes=0
2026-09-18 02:54:07.514: [INFO] BookmarksSnapshot Startup total=0 bar=0 other=0 mobile=0 showBar=0 showBarNTP=1
2026-09-18 19:25:48.743: [INFO] BookmarksSnapshot Shutdown total=0 bar=0 other=0 mobile=0 showBar=0 showBarNTP=1
